---
source: src/request.rs
expression: hex_string
---
0000 | 00 00 00 10  00 00 10 e1
0008 | 00 00 00 12  00 00 00 04
